# packages in environment at /net/holy-nfsisilon/ifs/rc_labs/hekstra_lab/people/hwang/anaconda/envs/careless:
#
# Name                    Version                   Build  Channel
_libgcc_mutex             0.1                 conda_forge    conda-forge
_openmp_mutex             4.5                       2_gnu    conda-forge
absl-py                   2.1.0                    pypi_0    pypi
asttokens                 2.4.1                    pypi_0    pypi
astunparse                1.6.3                    pypi_0    pypi
bzip2                     1.0.8                hd590300_5    conda-forge
ca-certificates           2024.2.2             hbcca054_0    conda-forge
cachetools                5.3.2                    pypi_0    pypi
careless                  0.4.1                    pypi_0    pypi
certifi                   2024.2.2                 pypi_0    pypi
charset-normalizer        3.3.2                    pypi_0    pypi
cloudpickle               3.0.0                    pypi_0    pypi
comm                      0.2.1                    pypi_0    pypi
contourpy                 1.2.0                    pypi_0    pypi
cuda-nvcc                 11.3.58              h2467b9f_0    nvidia
cycler                    0.12.1                   pypi_0    pypi
debugpy                   1.8.1                    pypi_0    pypi
decorator                 5.1.1                    pypi_0    pypi
dm-tree                   0.1.8                    pypi_0    pypi
exceptiongroup            1.2.0                    pypi_0    pypi
executing                 2.0.1                    pypi_0    pypi
flatbuffers               23.5.26                  pypi_0    pypi
fonttools                 4.48.1                   pypi_0    pypi
gast                      0.5.4                    pypi_0    pypi
gemmi                     0.6.2                    pypi_0    pypi
google-auth               2.27.0                   pypi_0    pypi
google-auth-oauthlib      1.2.0                    pypi_0    pypi
google-pasta              0.2.0                    pypi_0    pypi
grpcio                    1.60.1                   pypi_0    pypi
h5py                      3.10.0                   pypi_0    pypi
idna                      3.6                      pypi_0    pypi
ipykernel                 6.29.2                   pypi_0    pypi
ipython                   8.21.0                   pypi_0    pypi
jedi                      0.19.1                   pypi_0    pypi
jupyter-client            8.6.0                    pypi_0    pypi
jupyter-core              5.7.1                    pypi_0    pypi
keras                     2.15.0                   pypi_0    pypi
kiwisolver                1.4.5                    pypi_0    pypi
ld_impl_linux-64          2.40                 h41732ed_0    conda-forge
libclang                  16.0.6                   pypi_0    pypi
libffi                    3.4.2                h7f98852_5    conda-forge
libgcc-ng                 13.2.0               h807b86a_5    conda-forge
libgomp                   13.2.0               h807b86a_5    conda-forge
libnsl                    2.0.1                hd590300_0    conda-forge
libsqlite                 3.45.1               h2797004_0    conda-forge
libuuid                   2.38.1               h0b41bf4_0    conda-forge
libxcrypt                 4.4.36               hd590300_1    conda-forge
libzlib                   1.2.13               hd590300_5    conda-forge
markdown                  3.5.2                    pypi_0    pypi
markupsafe                2.1.5                    pypi_0    pypi
matplotlib                3.8.2                    pypi_0    pypi
matplotlib-inline         0.1.6                    pypi_0    pypi
ml-dtypes                 0.2.0                    pypi_0    pypi
ncurses                   6.4                  h59595ed_2    conda-forge
nest-asyncio              1.6.0                    pypi_0    pypi
numpy                     1.26.4                   pypi_0    pypi
nvidia-cublas-cu12        12.2.5.6                 pypi_0    pypi
nvidia-cuda-cupti-cu12    12.2.142                 pypi_0    pypi
nvidia-cuda-nvcc-cu12     12.2.140                 pypi_0    pypi
nvidia-cuda-nvrtc-cu12    12.2.140                 pypi_0    pypi
nvidia-cuda-runtime-cu12  12.2.140                 pypi_0    pypi
nvidia-cudnn-cu12         8.9.4.25                 pypi_0    pypi
nvidia-cufft-cu12         11.0.8.103               pypi_0    pypi
nvidia-curand-cu12        10.3.3.141               pypi_0    pypi
nvidia-cusolver-cu12      11.5.2.141               pypi_0    pypi
nvidia-cusparse-cu12      12.1.2.141               pypi_0    pypi
nvidia-nccl-cu12          2.16.5                   pypi_0    pypi
nvidia-nvjitlink-cu12     12.2.140                 pypi_0    pypi
oauthlib                  3.2.2                    pypi_0    pypi
openssl                   3.2.1                hd590300_0    conda-forge
opt-einsum                3.3.0                    pypi_0    pypi
packaging                 23.2                     pypi_0    pypi
pandas                    2.0.3                    pypi_0    pypi
parso                     0.8.3                    pypi_0    pypi
pexpect                   4.9.0                    pypi_0    pypi
pillow                    10.2.0                   pypi_0    pypi
pip                       24.0               pyhd8ed1ab_0    conda-forge
platformdirs              4.2.0                    pypi_0    pypi
prompt-toolkit            3.0.43                   pypi_0    pypi
protobuf                  4.25.2                   pypi_0    pypi
psutil                    5.9.8                    pypi_0    pypi
ptyprocess                0.7.0                    pypi_0    pypi
pure-eval                 0.2.2                    pypi_0    pypi
pyasn1                    0.5.1                    pypi_0    pypi
pyasn1-modules            0.3.0                    pypi_0    pypi
pygments                  2.17.2                   pypi_0    pypi
pyparsing                 3.1.1                    pypi_0    pypi
python                    3.10.13         hd12c33a_1_cpython    conda-forge
python-dateutil           2.8.2                    pypi_0    pypi
pytz                      2024.1                   pypi_0    pypi
pyzmq                     25.1.2                   pypi_0    pypi
readline                  8.2                  h8228510_1    conda-forge
reciprocalspaceship       1.0.1                    pypi_0    pypi
requests                  2.31.0                   pypi_0    pypi
requests-oauthlib         1.3.1                    pypi_0    pypi
rsa                       4.9                      pypi_0    pypi
scipy                     1.12.0                   pypi_0    pypi
seaborn                   0.13.2                   pypi_0    pypi
setuptools                69.0.3             pyhd8ed1ab_0    conda-forge
six                       1.16.0                   pypi_0    pypi
stack-data                0.6.3                    pypi_0    pypi
tensorboard               2.15.2                   pypi_0    pypi
tensorboard-data-server   0.7.2                    pypi_0    pypi
tensorflow                2.15.0.post1             pypi_0    pypi
tensorflow-estimator      2.15.0                   pypi_0    pypi
tensorflow-io-gcs-filesystem 0.36.0                   pypi_0    pypi
tensorflow-probability    0.23.0                   pypi_0    pypi
termcolor                 2.4.0                    pypi_0    pypi
tk                        8.6.13          noxft_h4845f30_101    conda-forge
tornado                   6.4                      pypi_0    pypi
tqdm                      4.66.2                   pypi_0    pypi
traitlets                 5.14.1                   pypi_0    pypi
typing-extensions         4.9.0                    pypi_0    pypi
tzdata                    2024.1                   pypi_0    pypi
urllib3                   2.2.0                    pypi_0    pypi
wcwidth                   0.2.13                   pypi_0    pypi
werkzeug                  3.0.1                    pypi_0    pypi
wheel                     0.42.0             pyhd8ed1ab_0    conda-forge
wrapt                     1.14.1                   pypi_0    pypi
xz                        5.2.6                h166bdaf_0    conda-forge
